---
source: tests/schema_snapshot.rs
expression: rendered
---
-- index idx_task_events_task_ts
CREATE INDEX idx_task_events_task_ts ON task_events(task_id, ts)

-- index idx_tasks_parent
CREATE INDEX idx_tasks_parent ON tasks(parent_id)

-- index idx_tasks_project_status
CREATE INDEX idx_tasks_project_status ON tasks(project_id, status) WHERE archived_at IS NULL

-- table projects
CREATE TABLE projects (
    id           INTEGER PRIMARY KEY AUTOINCREMENT,
    name         TEXT NOT NULL,
    root_path    TEXT NOT NULL UNIQUE,
    description  TEXT,
    archived_at  TEXT,
    created_at   TEXT NOT NULL DEFAULT (datetime('now')),
    updated_at   TEXT NOT NULL DEFAULT (datetime('now'))
)

-- table tags
CREATE TABLE tags (
    id          INTEGER PRIMARY KEY AUTOINCREMENT,
    project_id  INTEGER NOT NULL REFERENCES projects(id) ON DELETE CASCADE,
    name        TEXT NOT NULL,
    UNIQUE (project_id, name)
)

-- table task_attributes
CREATE TABLE task_attributes (
    task_id  INTEGER NOT NULL REFERENCES tasks(id) ON DELETE CASCADE,
    key      TEXT NOT NULL,
    value    TEXT NOT NULL,
    PRIMARY KEY (task_id, key)
)

-- table task_events
CREATE TABLE task_events (
    id         INTEGER PRIMARY KEY AUTOINCREMENT,
    task_id    INTEGER NOT NULL REFERENCES tasks(id) ON DELETE CASCADE,
    ts         TEXT NOT NULL DEFAULT (datetime('now')),
    kind       TEXT NOT NULL,
    payload    TEXT
)

-- table task_links
CREATE TABLE task_links (
    from_id  INTEGER NOT NULL REFERENCES tasks(id) ON DELETE CASCADE,
    to_id    INTEGER NOT NULL REFERENCES tasks(id) ON DELETE CASCADE,
    kind     TEXT NOT NULL,
    PRIMARY KEY (from_id, to_id, kind)
)

-- table task_tags
CREATE TABLE task_tags (
    task_id  INTEGER NOT NULL REFERENCES tasks(id) ON DELETE CASCADE,
    tag_id   INTEGER NOT NULL REFERENCES tags(id) ON DELETE CASCADE,
    PRIMARY KEY (task_id, tag_id)
)

-- table tasks
CREATE TABLE tasks (
    id            INTEGER PRIMARY KEY AUTOINCREMENT,
    project_id    INTEGER NOT NULL REFERENCES projects(id) ON DELETE CASCADE,
    title         TEXT NOT NULL,
    body          TEXT,
    status        TEXT NOT NULL,
    priority      INTEGER NOT NULL DEFAULT 100,
    type          TEXT,
    parent_id     INTEGER REFERENCES tasks(id) ON DELETE SET NULL,
    archived_at   TEXT,
    completed_at  TEXT,
    created_at    TEXT NOT NULL DEFAULT (datetime('now')),
    updated_at    TEXT NOT NULL DEFAULT (datetime('now'))
)

-- trigger tags_project_id_immutable
CREATE TRIGGER tags_project_id_immutable
BEFORE UPDATE OF project_id ON tags
WHEN NEW.project_id <> OLD.project_id
BEGIN
    SELECT RAISE(ABORT, 'tags.project_id é imutável');
END

-- trigger task_links_same_project_insert
CREATE TRIGGER task_links_same_project_insert
BEFORE INSERT ON task_links
BEGIN
    SELECT CASE WHEN (
        (SELECT project_id FROM tasks WHERE id = NEW.from_id)
        <> (SELECT project_id FROM tasks WHERE id = NEW.to_id)
    ) THEN RAISE(ABORT, 'links entre projetos não são permitidos') END;
END

-- trigger task_links_same_project_update
CREATE TRIGGER task_links_same_project_update
BEFORE UPDATE OF from_id, to_id ON task_links
BEGIN
    SELECT CASE WHEN (
        (SELECT project_id FROM tasks WHERE id = NEW.from_id)
        <> (SELECT project_id FROM tasks WHERE id = NEW.to_id)
    ) THEN RAISE(ABORT, 'links entre projetos não são permitidos') END;
END

-- trigger task_tags_same_project_insert
CREATE TRIGGER task_tags_same_project_insert
BEFORE INSERT ON task_tags
BEGIN
    SELECT CASE WHEN (
        (SELECT project_id FROM tasks WHERE id = NEW.task_id)
        <> (SELECT project_id FROM tags WHERE id = NEW.tag_id)
    ) THEN RAISE(ABORT, 'tag e task de projetos diferentes') END;
END

-- trigger task_tags_same_project_update
CREATE TRIGGER task_tags_same_project_update
BEFORE UPDATE OF task_id, tag_id ON task_tags
BEGIN
    SELECT CASE WHEN (
        (SELECT project_id FROM tasks WHERE id = NEW.task_id)
        <> (SELECT project_id FROM tags WHERE id = NEW.tag_id)
    ) THEN RAISE(ABORT, 'tag e task de projetos diferentes') END;
END

-- trigger tasks_parent_same_project_insert
CREATE TRIGGER tasks_parent_same_project_insert
BEFORE INSERT ON tasks
WHEN NEW.parent_id IS NOT NULL
BEGIN
    SELECT CASE WHEN (
        NEW.project_id <> (SELECT project_id FROM tasks WHERE id = NEW.parent_id)
    ) THEN RAISE(ABORT, 'parent e child de projetos diferentes') END;
END

-- trigger tasks_parent_same_project_update
CREATE TRIGGER tasks_parent_same_project_update
BEFORE UPDATE OF parent_id ON tasks
WHEN NEW.parent_id IS NOT NULL
BEGIN
    SELECT CASE WHEN (
        NEW.project_id <> (SELECT project_id FROM tasks WHERE id = NEW.parent_id)
    ) THEN RAISE(ABORT, 'parent e child de projetos diferentes') END;
END

-- trigger tasks_project_id_immutable
CREATE TRIGGER tasks_project_id_immutable
BEFORE UPDATE OF project_id ON tasks
WHEN NEW.project_id <> OLD.project_id
BEGIN
    SELECT RAISE(ABORT, 'tasks.project_id é imutável');
END
